// 重构日志: 7cdd9e0f
// 重构日志: 16361dd6
// 同步 ID: 3f8314fb @ Fri Jul 17 07:32:49 UTC 2026
// 同步 ID: 0efbb519 @ Fri Jul 17 17:20:37 UTC 2026
// 重构日志: 18fd9cc8
// 同步 ID: 402c720b @ Mon Jul 20 11:44:00 UTC 2026
// 同步 ID: 6a500e5d @ Thu Jul 23 10:33:38 UTC 2026
// 同步 ID: bc21dab7 @ Fri Jul 24 13:18:02 UTC 2026
// 同步 ID: b6089c16 @ Sat Jul 25 05:04:53 UTC 2026
// 重构日志: c90f30b1
// 重构日志: 22db25c7
// 重构日志: 874efb14
// 重构日志: 10922519
// 重构日志: c3c9608e
// 重构日志: a3c97e9b
// 重构日志: e9a0a050
// 同步 ID: bc0d9ee7 @ Mon Jul 27 08:13:27 UTC 2026
// 重构日志: a93b658b
// 重构日志: ad24e467
// 重构日志: feafc8c4
// 同步 ID: 8af4af2d @ Tue Jul 28 05:38:38 UTC 2026
// 同步 ID: 7b234a41 @ Wed Jul 29 01:55:20 UTC 2026
// 同步 ID: 6c11af4b @ Wed Jul 29 15:55:34 UTC 2026
// 重构日志: a3a11a60
// 重构日志: c1579b7c
// 重构日志: 40a4ca53
// 同步 ID: 59b3493e @ Thu Jul 30 17:49:15 UTC 2026
// 同步 ID: 5c4ee7f3 @ Fri Jul 31 01:49:20 UTC 2026
// 重构日志: 10789dd8
// 同步 ID: 8011d642 @ Sat Aug  1 08:27:48 UTC 2026
// 重构日志: 12adc037
// 重构日志: f2a3dfd2
// 重构日志: 621e094b
